// Jest Snapshot v1, https://goo.gl/fbAQLP

exports[`HomeStyles applied correctly 1`] = `
.c0 {
  height: 100%;
}

<div
  className="c0"
/>
`;
