// Jest Snapshot v1, https://goo.gl/fbAQLP

exports[`Nav container test ConnectedNavContainer renders without crashing 1`] = `
<withRouter(NavContainer)
  clearSearchInput={[Function]}
  fetchContacts={[Function]}
  inputValue=""
  onSearchChange={[Function]}
  store={
    Object {
      "clearActions": [Function],
      "dispatch": [Function],
      "getActions": [Function],
      "getState": [Function],
      "replaceReducer": [Function],
      "subscribe": [Function],
    }
  }
  storeSubscription={
    Subscription {
      "listeners": Object {
        "clear": [Function],
        "get": [Function],
        "notify": [Function],
        "subscribe": [Function],
      },
      "onStateChange": [Function],
      "parentSub": undefined,
      "store": Object {
        "clearActions": [Function],
        "dispatch": [Function],
        "getActions": [Function],
        "getState": [Function],
        "replaceReducer": [Function],
        "subscribe": [Function],
      },
      "unsubscribe": [Function],
    }
  }
/>
`;

exports[`Nav container test NavContainer should renders without crashing with initial state 1`] = `
<NavBar
  clearInput={[Function]}
  handleRedirect={[Function]}
  handleSearch={[Function]}
  inputValue=""
  isMainPage={true}
  isOnSearch={false}
/>
`;
