// Jest Snapshot v1, https://goo.gl/fbAQLP

exports[`Preloader renders without crashing 1`] = `
<styled.div>
  <WithStyles(CircularProgress) />
</styled.div>
`;
